// Jest Snapshot v1, https://goo.gl/fbAQLP

exports[`should render ExpenseListItem with expense 1`] = `
<div>
  <NavLink
    activeClassName="active"
    to="/edit/1/"
  >
    <h3>
      Gum
    </h3>
  </NavLink>
  <ul>
    <li>
      Amount: 
      $1.95
    </li>
    <li>
      Created: 
      December 31st, 1969
    </li>
  </ul>
</div>
`;
